// Vitest Snapshot v1, https://vitest.dev/guide/snapshot.html

exports[`e2e > article 4`] = `
"heading 1
heading 2
heading 3
heading 4
heading 5
heading 6
aaaaaaaaaaaaaaaaaaaaaaaaaaaaaaaaaaaaaaaaaaaaaaaaaaaaaaaaaaaaaaaaaaaaaaaaaaaaa
aaaaaaaaaaaaaaaaaaaaaaaaaaaaaaaaaaaaaaaaaaaaaaaaaaaaaaaaaaaaaaaaaaaaaaaaaaaaa
aaaaaaaaaaaaaaaaaaaaaaaaaaaaaaaaaaaaaaaa
aaaaaaaaboldemphasisdeleteinline code
• list
• list
• list
• list
• list
[ ] not checked
[x] checked
1. ordered list
2. ordered list
3. ordered list
1. aaa
2. aaa
1. eeeee
2. eeeee
3. aaa
4. ordered list
This is link to GitHub.com.
This is .
quote
quote
quote
quote
quote
quoted quote
Left align Right align Center align
This This This
column column column
will will will
be be be
left right center
aligned aligned aligned

function $initHighlight(block, cls) {
try {
if (cls.search(/\\bno\\-highlight\\b/) != -1)
return process(block, true, 0x0F) +
\` class="\${cls}"\`;
} catch (e) {
/* handle exception */
}
for (var i = 0 / 2; i < classes.length; i++) {
if (checkCondition(classes[i]) === undefined)
console.log('undefined');
}
return (
<div>
<web-component>{block}</web-component>
</div>
)
}
export $initHighlight;"
`;

exports[`e2e > break 4`] = `
"a
hard
break
b
thematic break
c"
`;

exports[`e2e > code 2`] = `
"@font-face {
font-family: Chunkfive;
src: url("Chunkfive.otf");
}
body,
.usertext {
color: #f0f0f0;
background: #600;
font-family: Chunkfive, sans;
--heading-1: 30px/32px Helvetica, sans-serif;
}
@import url(print.css);
@media print {
a[href^="http"]::after {
content: attr(href);
}
}
function $initHighlight(block, cls) {
try {
if (cls.search(/\\bno\\-highlight\\b/) != -1)
return process(block, true, 0x0F) +
\` class="\${cls}"\`;
} catch (e) {
/* handle exception */
}
for (var i = 0 / 2; i < classes.length; i++) {
if (checkCondition(classes[i]) === undefined)
console.log('undefined');
}
return (
<div>
<web-component>{block}</web-component>
</div>
)
}
export $initHighlight;
class MyClass {
public static myValue: string;
constructor(init: string) {
this.myValue = init;
}
}
import fs = require("fs");
module MyModule {
export interface MyInterface extends Other {
myProperty: any;
}
}
declare magicNumber number;
myArray.forEach(() => { }); // fat arrow syntax
unknown lang"
`;

exports[`e2e > decoration 2`] = `
"aaa aaaaaaa aaaaaa aaaaaaaa aaaaaaaa aaaaaaa aaaa aaaaaaaa aaa
aaaaaaaaaa aa a aa aa aaa aaaaa aaaa aaa*aa*aa_aa_a~~aa~~a
heading
• list
quote
link to GitHub.com
link to GitHub.com"
`;

exports[`e2e > footnotes 2`] = `
"Footnotes
This is footnote.
Footnotes
Here is footnotes.
Footnotes in Lists
• List item
• Nested item
1. Ordered list
Footnotes in Blockquotes
Blockquote.
Footnotes in Links
Here is a link in the text.
Complex Nested Footnotes
This is a bold text and italic."
`;

exports[`e2e > frontmatter 2`] = `
"Other markdown
blablabla
+++
title = "This is toml"
date = "2020-04-30 22:34"
+++
Other markdown
blablabla"
`;

exports[`e2e > heading 2`] = `
"Alpha
aaaa
Bravo
bbbb
Charlie
cccc
Delta
dddd
E
F
G
H
• listed heading
quoted heading"
`;

exports[`e2e > image 2`] = `"This is ."`;

exports[`e2e > latex 2`] = `
"https://mathjax.github.io/MathJax-demos-web/page/tex-chtml.html
When a \\ne 0, there are two solutions to ax^2 + bx + c = 0 and they arex = {-b \\pm \\sqrt{b^2-4ac}
\\over 2a}.
The Lorenz Equations
\\begin{align}
\\dot{x} & = \\sigma(y-x) \\\\
\\dot{y} & = \\rho x - y - xz \\\\
\\dot{z} & = -\\beta z + xy
\\end{align}
The Cauchy-Schwarz Inequality
\\left( \\sum*{k=1}^n a_k b_k \\right)^{\\!\\!2} \\leq
\\left( \\sum*{k=1}^n a*k^2 \\right) \\left( \\sum*{k=1}^n b_k^2 \\right)
A Cross Product Formula
\\mathbf{V}\\_1 \\times \\mathbf{V}\\_2 =
\\begin{vmatrix}
\\mathbf{i} & \\mathbf{j} & \\mathbf{k} \\\\
\\frac{\\partial X}{\\partial u} & \\frac{\\partial Y}{\\partial u} & 0 \\\\
\\frac{\\partial X}{\\partial v} & \\frac{\\partial Y}{\\partial v} & 0 \\\\
\\end{vmatrix}
The probability of getting (k) heads when flipping (n) coins is:
P(E) = {n \\choose k} p^k (1-p)^{ n-k}
An Identity of Ramanujan
\\frac{1}{\\left(\\sqrt{\\phi \\sqrt{5}}-\\phi\\right) e^{\\frac25 \\pi}} =
1 + \\dfrac{e^{-2\\pi}}{
1 + \\dfrac{e^{-4\\pi}}{
1 + \\dfrac{e^{-6\\pi}}{
1 + \\dfrac{e^{-8\\pi}}{1+\\ldots}
}
}
}
A Rogers-Ramanujan Identity
1 + \\frac{q^2}{(1-q)}+\\frac{q^6}{(1-q)(1-q^2)}+\\cdots =
\\prod\\_{j=0}^{\\infty}\\frac{1}{(1-q^{5j+2})(1-q^{5j+3})},
\\quad\\quad \\text{for $|q| < 1$}.
Maxwell's Equations
\\begin{align}
\\nabla \\times \\vec{\\mathbf{B}}\\, - \\frac{1}{c}\\, \\frac{\\partial\\vec{\\mathbf{E}}}{\\partial t}
& = \\frac{4\\pi}{c}\\vec{\\mathbf{j}} \\\\[3pt]
\\nabla \\cdot \\vec{\\mathbf{E}} & = 4 \\pi \\rho \\\\[3pt]
\\nabla \\times \\vec{\\mathbf{E}}\\, + \\frac{1}{c}\\, \\frac{\\partial\\vec{\\mathbf{B}}}{\\partial t}
& = \\vec{\\mathbf{0}} \\\\[3pt]
\\nabla \\cdot \\vec{\\mathbf{B}} & = 0
\\end{align}
In-line Mathematics
Finally, while display equations look good for a page of samples, the
ability to mix math and text in a paragraph is also important. This
expression \\sqrt{3x-1}+(1+x)^2 is an example of an inline equation. As
you see, MathJax equations can be used this way as well, without unduly
disturbing the spacing between lines."
`;

exports[`e2e > link 2`] = `
"Header
link to GitHub.com
Sub Header
This is link to header.
This is link reference."
`;

exports[`e2e > list-bullet 2`] = `
"Bullet Lists
This is a test for bullet list.
First List
Items in first list:
• Apple
• Banana
• Cherry
Second List
• Dog
• Elephant
• Fox
Nested Lists
Outer list:
• First outer
• First inner
• Second inner
• Third
• Second outer
• Third outer
Another separate list:
• Alpha
• Beta
• Gamma"
`;

exports[`e2e > list-ordered 2`] = `
"Ordered Lists
This is a test for ordered list.
First List
Items in first list:
1. Apple
2. Banana
3. Cherry
Second List
Items in second list should restart at 1:
1. Dog
2. Elephant
3. Fox
Nested Lists
Outer list:
1. First outer
1. First inner
2. Second inner
1. Third
2. Second outer
3. Third outer
Another separate list should restart:
1. Alpha
2. Beta
3. Gamma"
`;

exports[`e2e > list-task 2`] = `
"Task Lists
This is a test for task list.
First List
Items in first list:
[ ] Apple
[ ] Banana
[x] Cherry
Second List
[ ] Dog
[x] Elephant
[x] Fox
Nested Lists
Outer list:
[ ] First outer
[ ] First inner
[x] Second inner
[ ] Third
[ ] Second outer
[ ] Third outer
Another separate list:
[ ] Alpha
[x] Beta
[ ] Gamma"
`;

exports[`e2e > lorem 3`] = `
"Lorem ipsum dolor sit amet, consectetur adipiscing elit, sed do eiusmod tempor incididunt ut
labore et dolore magna aliqua. Ut enim ad minim veniam, quis nostrud exercitation ullamco
laboris nisi ut aliquip ex ea commodo consequat. Duis aute irure dolor in reprehenderit in
voluptate velit esse cillum dolore eu fugiat nulla pariatur. Excepteur sint occaecat cupidatat non
proident, sunt in culpa qui officia deserunt mollit anim id est laborum.
Lorem ipsum dolor sit amet, consectetur adipiscing elit, sed do eiusmod tempor incididunt ut
labore et dolore magna aliqua. Ut enim ad minim veniam, quis nostrud exercitation ullamco
laboris nisi ut aliquip ex ea commodo consequat. Duis aute irure dolor in reprehenderit in
voluptate velit esse cillum dolore eu fugiat nulla pariatur. Excepteur sint occaecat cupidatat non
proident, sunt in culpa qui officia deserunt mollit anim id est laborum.
Lorem ipsum dolor sit amet, consectetur adipiscing elit, sed do eiusmod tempor incididunt ut
labore et dolore magna aliqua. Ut enim ad minim veniam, quis nostrud exercitation ullamco
laboris nisi ut aliquip ex ea commodo consequat. Duis aute irure dolor in reprehenderit in
voluptate velit esse cillum dolore eu fugiat nulla pariatur. Excepteur sint occaecat cupidatat non
proident, sunt in culpa qui officia deserunt mollit anim id est laborum.
Lorem ipsum dolor sit amet, consectetur adipiscing elit, sed do eiusmod tempor incididunt ut
labore et dolore magna aliqua. Ut enim ad minim veniam, quis nostrud exercitation ullamco
laboris nisi ut aliquip ex ea commodo consequat. Duis aute irure dolor in reprehenderit in
voluptate velit esse cillum dolore eu fugiat nulla pariatur. Excepteur sint occaecat cupidatat non
proident, sunt in culpa qui officia deserunt mollit anim id est laborum.
Lorem ipsum dolor sit amet, consectetur adipiscing elit, sed do eiusmod tempor incididunt ut
labore et dolore magna aliqua. Ut enim ad minim veniam, quis nostrud exercitation ullamco
laboris nisi ut aliquip ex ea commodo consequat. Duis aute irure dolor in reprehenderit in
voluptate velit esse cillum dolore eu fugiat nulla pariatur. Excepteur sint occaecat cupidatat non
proident, sunt in culpa qui officia deserunt mollit anim id est laborum.
Lorem ipsum dolor sit amet, consectetur adipiscing elit, sed do eiusmod tempor incididunt ut
labore et dolore magna aliqua. Ut enim ad minim veniam, quis nostrud exercitation ullamco
laboris nisi ut aliquip ex ea commodo consequat. Duis aute irure dolor in reprehenderit in
voluptate velit esse cillum dolore eu fugiat nulla pariatur. Excepteur sint occaecat cupidatat non
proident, sunt in culpa qui officia deserunt mollit anim id est laborum.
Lorem ipsum dolor sit amet, consectetur adipiscing elit, sed do eiusmod tempor incididunt ut
labore et dolore magna aliqua. Ut enim ad minim veniam, quis nostrud exercitation ullamco
laboris nisi ut aliquip ex ea commodo consequat. Duis aute irure dolor in reprehenderit in
voluptate velit esse cillum dolore eu fugiat nulla pariatur. Excepteur sint occaecat cupidatat non
proident, sunt in culpa qui officia deserunt mollit anim id est laborum.
Lorem ipsum dolor sit amet, consectetur adipiscing elit, sed do eiusmod tempor incididunt ut
labore et dolore magna aliqua. Ut enim ad minim veniam, quis nostrud exercitation ullamco
laboris nisi ut aliquip ex ea commodo consequat. Duis aute irure dolor in reprehenderit in
voluptate velit esse cillum dolore eu fugiat nulla pariatur. Excepteur sint occaecat cupidatat non
proident, sunt in culpa qui officia deserunt mollit anim id est laborum.
Lorem ipsum dolor sit amet, consectetur adipiscing elit, sed do eiusmod tempor incididunt ut
labore et dolore magna aliqua. Ut enim ad minim veniam, quis nostrud exercitation ullamco
laboris nisi ut aliquip ex ea commodo consequat. Duis aute irure dolor in reprehenderit in
voluptate velit esse cillum dolore eu fugiat nulla pariatur. Excepteur sint occaecat cupidatat non
proident, sunt in culpa qui officia deserunt mollit anim id est laborum.
Lorem ipsum dolor sit amet, consectetur adipiscing elit, sed do eiusmod tempor incididunt ut
labore et dolore magna aliqua. Ut enim ad minim veniam, quis nostrud exercitation ullamco
laboris nisi ut aliquip ex ea commodo consequat. Duis aute irure dolor in reprehenderit in
voluptate velit esse cillum dolore eu fugiat nulla pariatur. Excepteur sint occaecat cupidatat non
proident, sunt in culpa qui officia deserunt mollit anim id est laborum.
Lorem ipsum dolor sit amet, consectetur adipiscing elit, sed do eiusmod tempor incididunt ut
labore et dolore magna aliqua. Ut enim ad minim veniam, quis nostrud exercitation ullamco
laboris nisi ut aliquip ex ea commodo consequat. Duis aute irure dolor in reprehenderit in
voluptate velit esse cillum dolore eu fugiat nulla pariatur. Excepteur sint occaecat cupidatat non
proident, sunt in culpa qui officia deserunt mollit anim id est laborum.
Lorem ipsum dolor sit amet, consectetur adipiscing elit, sed do eiusmod tempor incididunt ut
labore et dolore magna aliqua. Ut enim ad minim veniam, quis nostrud exercitation ullamco
laboris nisi ut aliquip ex ea commodo consequat. Duis aute irure dolor in reprehenderit in
voluptate velit esse cillum dolore eu fugiat nulla pariatur. Excepteur sint occaecat cupidatat non
proident, sunt in culpa qui officia deserunt mollit anim id est laborum.
Lorem ipsum dolor sit amet, consectetur adipiscing elit, sed do eiusmod tempor incididunt ut
labore et dolore magna aliqua. Ut enim ad minim veniam, quis nostrud exercitation ullamco
laboris nisi ut aliquip ex ea commodo consequat. Duis aute irure dolor in reprehenderit in
voluptate velit esse cillum dolore eu fugiat nulla pariatur. Excepteur sint occaecat cupidatat non
proident, sunt in culpa qui officia deserunt mollit anim id est laborum.
Lorem ipsum dolor sit amet, consectetur adipiscing elit, sed do eiusmod tempor incididunt ut
labore et dolore magna aliqua. Ut enim ad minim veniam, quis nostrud exercitation ullamco
laboris nisi ut aliquip ex ea commodo consequat. Duis aute irure dolor in reprehenderit in
voluptate velit esse cillum dolore eu fugiat nulla pariatur. Excepteur sint occaecat cupidatat non
proident, sunt in culpa qui officia deserunt mollit anim id est laborum.
Lorem ipsum dolor sit amet, consectetur adipiscing elit, sed do eiusmod tempor incididunt ut
labore et dolore magna aliqua. Ut enim ad minim veniam, quis nostrud exercitation ullamco
laboris nisi ut aliquip ex ea commodo consequat. Duis aute irure dolor in reprehenderit in
voluptate velit esse cillum dolore eu fugiat nulla pariatur. Excepteur sint occaecat cupidatat non
proident, sunt in culpa qui officia deserunt mollit anim id est laborum.
Lorem ipsum dolor sit amet, consectetur adipiscing elit, sed do eiusmod tempor incididunt ut
labore et dolore magna aliqua. Ut enim ad minim veniam, quis nostrud exercitation ullamco
laboris nisi ut aliquip ex ea commodo consequat. Duis aute irure dolor in reprehenderit in
voluptate velit esse cillum dolore eu fugiat nulla pariatur. Excepteur sint occaecat cupidatat non
proident, sunt in culpa qui officia deserunt mollit anim id est laborum.
Lorem ipsum dolor sit amet, consectetur adipiscing elit, sed do eiusmod tempor incididunt ut
labore et dolore magna aliqua. Ut enim ad minim veniam, quis nostrud exercitation ullamco
laboris nisi ut aliquip ex ea commodo consequat. Duis aute irure dolor in reprehenderit in
voluptate velit esse cillum dolore eu fugiat nulla pariatur. Excepteur sint occaecat cupidatat non
proident, sunt in culpa qui officia deserunt mollit anim id est laborum.
Lorem ipsum dolor sit amet, consectetur adipiscing elit, sed do eiusmod tempor incididunt ut
labore et dolore magna aliqua. Ut enim ad minim veniam, quis nostrud exercitation ullamco
laboris nisi ut aliquip ex ea commodo consequat. Duis aute irure dolor in reprehenderit in
voluptate velit esse cillum dolore eu fugiat nulla pariatur. Excepteur sint occaecat cupidatat non
proident, sunt in culpa qui officia deserunt mollit anim id est laborum.
Lorem ipsum dolor sit amet, consectetur adipiscing elit, sed do eiusmod tempor incididunt ut
labore et dolore magna aliqua. Ut enim ad minim veniam, quis nostrud exercitation ullamco
laboris nisi ut aliquip ex ea commodo consequat. Duis aute irure dolor in reprehenderit in
voluptate velit esse cillum dolore eu fugiat nulla pariatur. Excepteur sint occaecat cupidatat non
proident, sunt in culpa qui officia deserunt mollit anim id est laborum.
Lorem ipsum dolor sit amet, consectetur adipiscing elit, sed do eiusmod tempor incididunt ut
labore et dolore magna aliqua. Ut enim ad minim veniam, quis nostrud exercitation ullamco
laboris nisi ut aliquip ex ea commodo consequat. Duis aute irure dolor in reprehenderit in
voluptate velit esse cillum dolore eu fugiat nulla pariatur. Excepteur sint occaecat cupidatat non
proident, sunt in culpa qui officia deserunt mollit anim id est laborum."
`;

exports[`e2e > lorem spacing 3`] = `
"Lorem ipsum dolor sit amet, consectetur adipiscing elit, sed do eiusmod tempor incididunt ut
labore et dolore magna aliqua. Ut enim ad minim veniam, quis nostrud exercitation ullamco
laboris nisi ut aliquip ex ea commodo consequat. Duis aute irure dolor in reprehenderit in
voluptate velit esse cillum dolore eu fugiat nulla pariatur. Excepteur sint occaecat cupidatat non
proident, sunt in culpa qui officia deserunt mollit anim id est laborum.
Lorem ipsum dolor sit amet, consectetur adipiscing elit, sed do eiusmod tempor incididunt ut
labore et dolore magna aliqua. Ut enim ad minim veniam, quis nostrud exercitation ullamco
laboris nisi ut aliquip ex ea commodo consequat. Duis aute irure dolor in reprehenderit in
voluptate velit esse cillum dolore eu fugiat nulla pariatur. Excepteur sint occaecat cupidatat non
proident, sunt in culpa qui officia deserunt mollit anim id est laborum.
Lorem ipsum dolor sit amet, consectetur adipiscing elit, sed do eiusmod tempor incididunt ut
labore et dolore magna aliqua. Ut enim ad minim veniam, quis nostrud exercitation ullamco
laboris nisi ut aliquip ex ea commodo consequat. Duis aute irure dolor in reprehenderit in
voluptate velit esse cillum dolore eu fugiat nulla pariatur. Excepteur sint occaecat cupidatat non
proident, sunt in culpa qui officia deserunt mollit anim id est laborum.
Lorem ipsum dolor sit amet, consectetur adipiscing elit, sed do eiusmod tempor incididunt ut
labore et dolore magna aliqua. Ut enim ad minim veniam, quis nostrud exercitation ullamco
laboris nisi ut aliquip ex ea commodo consequat. Duis aute irure dolor in reprehenderit in
voluptate velit esse cillum dolore eu fugiat nulla pariatur. Excepteur sint occaecat cupidatat non
proident, sunt in culpa qui officia deserunt mollit anim id est laborum.
Lorem ipsum dolor sit amet, consectetur adipiscing elit, sed do eiusmod tempor incididunt ut
labore et dolore magna aliqua. Ut enim ad minim veniam, quis nostrud exercitation ullamco
laboris nisi ut aliquip ex ea commodo consequat. Duis aute irure dolor in reprehenderit in
voluptate velit esse cillum dolore eu fugiat nulla pariatur. Excepteur sint occaecat cupidatat non
proident, sunt in culpa qui officia deserunt mollit anim id est laborum.
Lorem ipsum dolor sit amet, consectetur adipiscing elit, sed do eiusmod tempor incididunt ut
labore et dolore magna aliqua. Ut enim ad minim veniam, quis nostrud exercitation ullamco
laboris nisi ut aliquip ex ea commodo consequat. Duis aute irure dolor in reprehenderit in
voluptate velit esse cillum dolore eu fugiat nulla pariatur. Excepteur sint occaecat cupidatat non
proident, sunt in culpa qui officia deserunt mollit anim id est laborum.
Lorem ipsum dolor sit amet, consectetur adipiscing elit, sed do eiusmod tempor incididunt ut
labore et dolore magna aliqua. Ut enim ad minim veniam, quis nostrud exercitation ullamco
laboris nisi ut aliquip ex ea commodo consequat. Duis aute irure dolor in reprehenderit in
voluptate velit esse cillum dolore eu fugiat nulla pariatur. Excepteur sint occaecat cupidatat non
proident, sunt in culpa qui officia deserunt mollit anim id est laborum.
Lorem ipsum dolor sit amet, consectetur adipiscing elit, sed do eiusmod tempor incididunt ut
labore et dolore magna aliqua. Ut enim ad minim veniam, quis nostrud exercitation ullamco
laboris nisi ut aliquip ex ea commodo consequat. Duis aute irure dolor in reprehenderit in
voluptate velit esse cillum dolore eu fugiat nulla pariatur. Excepteur sint occaecat cupidatat non
proident, sunt in culpa qui officia deserunt mollit anim id est laborum.
Lorem ipsum dolor sit amet, consectetur adipiscing elit, sed do eiusmod tempor incididunt ut
labore et dolore magna aliqua. Ut enim ad minim veniam, quis nostrud exercitation ullamco
laboris nisi ut aliquip ex ea commodo consequat. Duis aute irure dolor in reprehenderit in
voluptate velit esse cillum dolore eu fugiat nulla pariatur. Excepteur sint occaecat cupidatat non
proident, sunt in culpa qui officia deserunt mollit anim id est laborum.
Lorem ipsum dolor sit amet, consectetur adipiscing elit, sed do eiusmod tempor incididunt ut
labore et dolore magna aliqua. Ut enim ad minim veniam, quis nostrud exercitation ullamco
laboris nisi ut aliquip ex ea commodo consequat. Duis aute irure dolor in reprehenderit in
voluptate velit esse cillum dolore eu fugiat nulla pariatur. Excepteur sint occaecat cupidatat non
proident, sunt in culpa qui officia deserunt mollit anim id est laborum.
Lorem ipsum dolor sit amet, consectetur adipiscing elit, sed do eiusmod tempor incididunt ut
labore et dolore magna aliqua. Ut enim ad minim veniam, quis nostrud exercitation ullamco
laboris nisi ut aliquip ex ea commodo consequat. Duis aute irure dolor in reprehenderit in
voluptate velit esse cillum dolore eu fugiat nulla pariatur. Excepteur sint occaecat cupidatat non
proident, sunt in culpa qui officia deserunt mollit anim id est laborum.
Lorem ipsum dolor sit amet, consectetur adipiscing elit, sed do eiusmod tempor incididunt ut
labore et dolore magna aliqua. Ut enim ad minim veniam, quis nostrud exercitation ullamco
laboris nisi ut aliquip ex ea commodo consequat. Duis aute irure dolor in reprehenderit in
voluptate velit esse cillum dolore eu fugiat nulla pariatur. Excepteur sint occaecat cupidatat non
proident, sunt in culpa qui officia deserunt mollit anim id est laborum.
Lorem ipsum dolor sit amet, consectetur adipiscing elit, sed do eiusmod tempor incididunt ut
labore et dolore magna aliqua. Ut enim ad minim veniam, quis nostrud exercitation ullamco
laboris nisi ut aliquip ex ea commodo consequat. Duis aute irure dolor in reprehenderit in
voluptate velit esse cillum dolore eu fugiat nulla pariatur. Excepteur sint occaecat cupidatat non
proident, sunt in culpa qui officia deserunt mollit anim id est laborum.
Lorem ipsum dolor sit amet, consectetur adipiscing elit, sed do eiusmod tempor incididunt ut
labore et dolore magna aliqua. Ut enim ad minim veniam, quis nostrud exercitation ullamco
laboris nisi ut aliquip ex ea commodo consequat. Duis aute irure dolor in reprehenderit in
voluptate velit esse cillum dolore eu fugiat nulla pariatur. Excepteur sint occaecat cupidatat non
proident, sunt in culpa qui officia deserunt mollit anim id est laborum.
Lorem ipsum dolor sit amet, consectetur adipiscing elit, sed do eiusmod tempor incididunt ut
labore et dolore magna aliqua. Ut enim ad minim veniam, quis nostrud exercitation ullamco
laboris nisi ut aliquip ex ea commodo consequat. Duis aute irure dolor in reprehenderit in
voluptate velit esse cillum dolore eu fugiat nulla pariatur. Excepteur sint occaecat cupidatat non
proident, sunt in culpa qui officia deserunt mollit anim id est laborum.
Lorem ipsum dolor sit amet, consectetur adipiscing elit, sed do eiusmod tempor incididunt ut
labore et dolore magna aliqua. Ut enim ad minim veniam, quis nostrud exercitation ullamco
laboris nisi ut aliquip ex ea commodo consequat. Duis aute irure dolor in reprehenderit in
voluptate velit esse cillum dolore eu fugiat nulla pariatur. Excepteur sint occaecat cupidatat non
proident, sunt in culpa qui officia deserunt mollit anim id est laborum.
Lorem ipsum dolor sit amet, consectetur adipiscing elit, sed do eiusmod tempor incididunt ut
labore et dolore magna aliqua. Ut enim ad minim veniam, quis nostrud exercitation ullamco
laboris nisi ut aliquip ex ea commodo consequat. Duis aute irure dolor in reprehenderit in
voluptate velit esse cillum dolore eu fugiat nulla pariatur. Excepteur sint occaecat cupidatat non
proident, sunt in culpa qui officia deserunt mollit anim id est laborum.
Lorem ipsum dolor sit amet, consectetur adipiscing elit, sed do eiusmod tempor incididunt ut
labore et dolore magna aliqua. Ut enim ad minim veniam, quis nostrud exercitation ullamco
laboris nisi ut aliquip ex ea commodo consequat. Duis aute irure dolor in reprehenderit in
voluptate velit esse cillum dolore eu fugiat nulla pariatur. Excepteur sint occaecat cupidatat non
proident, sunt in culpa qui officia deserunt mollit anim id est laborum.
Lorem ipsum dolor sit amet, consectetur adipiscing elit, sed do eiusmod tempor incididunt ut
labore et dolore magna aliqua. Ut enim ad minim veniam, quis nostrud exercitation ullamco
laboris nisi ut aliquip ex ea commodo consequat. Duis aute irure dolor in reprehenderit in
voluptate velit esse cillum dolore eu fugiat nulla pariatur. Excepteur sint occaecat cupidatat non
proident, sunt in culpa qui officia deserunt mollit anim id est laborum.
Lorem ipsum dolor sit amet, consectetur adipiscing elit, sed do eiusmod tempor incididunt ut
labore et dolore magna aliqua. Ut enim ad minim veniam, quis nostrud exercitation ullamco
laboris nisi ut aliquip ex ea commodo consequat. Duis aute irure dolor in reprehenderit in
voluptate velit esse cillum dolore eu fugiat nulla pariatur. Excepteur sint occaecat cupidatat non
proident, sunt in culpa qui officia deserunt mollit anim id est laborum."
`;

exports[`e2e > makurano 2`] = `
"春は、あけぼの。やうやうしろくなりゆく山ぎは、すこし明かりて、紫だちたる雲の、細くた
なびきたる。
夏は、夜。月のころはさらなり。闇もなほ、蛍の多く飛びちがひたる。また、ただ一つ二つな
ど、ほのかにうち光りて行くも、をかし。雨など降るも、をかし。
秋は、夕暮。夕日のさして、山の端いと近うなりたるに、烏の寝どころへ行くとて、三つ四
つ、二つ三つなど、飛びいそぐさへあはれなり。まいて、雁などのつらねたるが、いと小さく
見ゆるは、いとをかし。日入りはてて、風の音、虫の音など、はた、言ふべきにあらず。
冬は、つとめて。雪の降りたるは、言ふべきにもあらず。霜のいと白きも。またさらでも、い
と寒きに、火など急ぎおこして、炭持てわたるも、いとつきづきし。昼になりて、ぬるくゆる
びもていけば、火桶の火も、白き灰がちになりて、わろし。"
`;

exports[`e2e > math 2`] = `
"Lift(L) can be determined by Lift Coefficient (C_L) like the following
equation.
L = \\frac{1}{2} \\rho v^2 S C_L
i hbar \\frac{partial psi}{partial t} = H psi(x,t)
\\f\\relax{x} = \\int_{-\\infty}^\\infty\\f\\hat\\xi\\,e^{2 \\pi i \\xi x}\\,d\\xi
\\frac{a+b}{c+d}
\\sqrt[30]{a+\\sqrt{b+c}}
\\sum_{k=1}^{n} k=\\frac{n(n+1)}{2}
\\alpha\\beta\\gamma\\delta\\epsilon\\zeta\\eta\\theta\\iota\\kappa\\lambda\\mu\\nu\\xi
o\\pi\\rho\\sigma\\tau\\upsilon\\phi\\chi\\psi\\omega
\\varepsilon\\vartheta\\varrho\\varsigma\\varphi
\\Gamma\\Delta\\Theta\\Lambda\\Xi\\Pi\\Sigma\\Upsilon\\Phi\\Psi\\Omega"
`;

exports[`e2e > paragraph 2`] = `
"Lorem ipsum dolor sit amet, consectetur adipiscing elit, sed do eiusmod tempor incididunt ut
labore et dolore magna aliqua. Ut enim ad minim veniam, quis nostrud exercitation ullamco
laboris nisi ut aliquip ex ea commodo consequat. Duis aute irure dolor in reprehenderit in
voluptate velit esse cillum dolore eu fugiat nulla pariatur. Excepteur sint occaecat cupidatat non
proident, sunt in culpa qui officia deserunt mollit anim id est laborum.
Lorem ipsum dolor sit amet, consectetur adipiscing elit, sed do eiusmod tempor incididunt ut
labore et dolore magna aliqua. Ut enim ad minim veniam, quis nostrud exercitation ullamco
laboris nisi ut aliquip ex ea commodo consequat. Duis aute irure dolor in reprehenderit in
voluptate velit esse cillum dolore eu fugiat nulla pariatur. Excepteur sint occaecat cupidatat non
proident, sunt in culpa qui officia deserunt mollit anim id est laborum.
Lorem ipsum dolor sit amet, consectetur adipiscing elit, sed do eiusmod tempor incididunt ut
labore et dolore magna aliqua. Ut enim ad minim veniam, quis nostrud exercitation ullamco
laboris nisi ut aliquip ex ea commodo consequat. Duis aute irure dolor in reprehenderit in
voluptate velit esse cillum dolore eu fugiat nulla pariatur. Excepteur sint occaecat cupidatat non
proident, sunt in culpa qui officia deserunt mollit anim id est laborum."
`;

exports[`e2e > svg 2`] = `
"svg
test"
`;

exports[`e2e > tag 2`] = `
"<div>
<span>This is <b>html</b></span> inside <u>docx</u>.
</div>
<table><tr><td>aaaaa</td></tr></table>
<!--comment-->
mailto:foobarbaz
aaaaaa"
`;

exports[`e2e > text-emojis 2`] = `
"Document with emojis!
A bold emoji: , an emphatic one: , a deleted one: , in inline code:
• bold emoji:
• emphatic emoji:
• deleted emoji:
• inline code emoji:
[ ] not checked:
[x] checked:"
`;
